mode: atomic
github.com/Quasar777/courier-service/cmd/app/main.go:38.13,45.16 4 0
github.com/Quasar777/courier-service/cmd/app/main.go:45.16,47.3 1 0
github.com/Quasar777/courier-service/cmd/app/main.go:48.2,51.40 2 0
github.com/Quasar777/courier-service/cmd/app/main.go:51.40,53.3 1 0
github.com/Quasar777/courier-service/cmd/app/main.go:55.2,62.16 4 0
github.com/Quasar777/courier-service/cmd/app/main.go:62.16,65.3 2 0
github.com/Quasar777/courier-service/cmd/app/main.go:66.2,102.16 16 0
github.com/Quasar777/courier-service/cmd/app/main.go:102.16,105.3 2 0
github.com/Quasar777/courier-service/cmd/app/main.go:106.2,107.16 2 0
github.com/Quasar777/courier-service/cmd/app/main.go:107.16,110.3 2 0
github.com/Quasar777/courier-service/cmd/app/main.go:113.2,118.12 4 0
github.com/Quasar777/courier-service/cmd/app/main.go:118.12,121.3 2 0
github.com/Quasar777/courier-service/cmd/app/main.go:123.2,152.16 4 0
github.com/Quasar777/courier-service/cmd/app/main.go:152.16,155.3 2 0
github.com/Quasar777/courier-service/cmd/app/main.go:156.2,160.12 3 0
github.com/Quasar777/courier-service/cmd/app/main.go:160.12,163.3 2 0
github.com/Quasar777/courier-service/cmd/app/main.go:166.2,167.49 2 0
github.com/Quasar777/courier-service/cmd/app/main.go:167.49,170.3 2 0
github.com/Quasar777/courier-service/cmd/app/main.go:173.2,174.12 2 0
github.com/Quasar777/courier-service/cmd/app/main.go:174.12,177.3 2 0
github.com/Quasar777/courier-service/cmd/app/main.go:180.2,185.12 4 0
github.com/Quasar777/courier-service/cmd/app/main.go:185.12,188.3 2 0
github.com/Quasar777/courier-service/cmd/app/main.go:190.2,191.47 2 0
github.com/Quasar777/courier-service/internal/config/consumercfg/consumer.go:29.55,31.16 2 0
github.com/Quasar777/courier-service/internal/config/consumercfg/consumer.go:31.16,33.3 1 0
github.com/Quasar777/courier-service/internal/config/consumercfg/consumer.go:34.2,35.16 2 0
github.com/Quasar777/courier-service/internal/config/consumercfg/consumer.go:35.16,38.3 2 0
github.com/Quasar777/courier-service/internal/config/consumercfg/consumer.go:39.2,40.16 2 0
github.com/Quasar777/courier-service/internal/config/consumercfg/consumer.go:40.16,43.3 2 0
github.com/Quasar777/courier-service/internal/config/consumercfg/consumer.go:44.2,45.16 2 0
github.com/Quasar777/courier-service/internal/config/consumercfg/consumer.go:45.16,48.3 2 0
github.com/Quasar777/courier-service/internal/config/consumercfg/consumer.go:49.2,50.16 2 0
github.com/Quasar777/courier-service/internal/config/consumercfg/consumer.go:50.16,53.3 2 0
github.com/Quasar777/courier-service/internal/config/consumercfg/consumer.go:54.2,55.16 2 0
github.com/Quasar777/courier-service/internal/config/consumercfg/consumer.go:55.16,58.3 2 0
github.com/Quasar777/courier-service/internal/config/consumercfg/consumer.go:59.2,60.16 2 0
github.com/Quasar777/courier-service/internal/config/consumercfg/consumer.go:60.16,63.3 2 0
github.com/Quasar777/courier-service/internal/config/consumercfg/consumer.go:64.2,65.16 2 0
github.com/Quasar777/courier-service/internal/config/consumercfg/consumer.go:65.16,68.3 2 0
github.com/Quasar777/courier-service/internal/config/consumercfg/consumer.go:70.2,85.3 1 0
github.com/Quasar777/courier-service/internal/databus/kafka/consumer.go:30.59,41.16 9 0
github.com/Quasar777/courier-service/internal/databus/kafka/consumer.go:41.16,43.3 1 0
github.com/Quasar777/courier-service/internal/databus/kafka/consumer.go:44.2,45.101 2 0
github.com/Quasar777/courier-service/internal/databus/kafka/consumer.go:49.53,50.6 1 0
github.com/Quasar777/courier-service/internal/databus/kafka/consumer.go:50.6,51.71 1 0
github.com/Quasar777/courier-service/internal/databus/kafka/consumer.go:51.71,53.4 1 0
github.com/Quasar777/courier-service/internal/databus/kafka/consumer.go:54.3,54.23 1 0
github.com/Quasar777/courier-service/internal/databus/kafka/consumer.go:54.23,55.9 1 0
github.com/Quasar777/courier-service/internal/databus/kafka/consumer.go:57.3,57.30 1 0
github.com/Quasar777/courier-service/internal/databus/kafka/consumer.go:59.2,59.37 1 0
github.com/Quasar777/courier-service/internal/databus/kafka/consumer.go:63.32,65.42 2 0
github.com/Quasar777/courier-service/internal/databus/kafka/consumer.go:65.42,67.3 1 0
github.com/Quasar777/courier-service/internal/databus/kafka/consumer.go:68.2,68.36 1 0
github.com/Quasar777/courier-service/internal/cli/cli.go:12.50,20.61 1 0
github.com/Quasar777/courier-service/internal/cli/cli.go:20.61,21.46 1 0
github.com/Quasar777/courier-service/internal/cli/cli.go:21.46,23.5 1 0
github.com/Quasar777/courier-service/internal/cli/cli.go:24.4,24.14 1 0
github.com/Quasar777/courier-service/cmd/consumer/main.go:35.13,42.16 4 0
github.com/Quasar777/courier-service/cmd/consumer/main.go:42.16,44.3 1 0
github.com/Quasar777/courier-service/cmd/consumer/main.go:45.2,48.40 2 0
github.com/Quasar777/courier-service/cmd/consumer/main.go:48.40,50.3 1 0
github.com/Quasar777/courier-service/cmd/consumer/main.go:52.2,59.16 4 0
github.com/Quasar777/courier-service/cmd/consumer/main.go:59.16,62.3 2 0
github.com/Quasar777/courier-service/cmd/consumer/main.go:63.2,113.16 16 0
github.com/Quasar777/courier-service/cmd/consumer/main.go:113.16,116.3 2 0
github.com/Quasar777/courier-service/cmd/consumer/main.go:117.2,130.16 6 0
github.com/Quasar777/courier-service/cmd/consumer/main.go:130.16,133.3 2 0
github.com/Quasar777/courier-service/cmd/consumer/main.go:134.2,140.12 4 0
github.com/Quasar777/courier-service/cmd/consumer/main.go:140.12,143.3 2 0
github.com/Quasar777/courier-service/cmd/consumer/main.go:144.2,157.12 6 0
github.com/Quasar777/courier-service/cmd/consumer/main.go:157.12,160.3 2 0
github.com/Quasar777/courier-service/cmd/consumer/main.go:162.2,163.40 2 0
github.com/Quasar777/courier-service/internal/config/appcfg/app.go:19.28,21.16 2 0
github.com/Quasar777/courier-service/internal/config/appcfg/app.go:21.16,23.3 1 0
github.com/Quasar777/courier-service/internal/config/appcfg/app.go:24.2,25.16 2 0
github.com/Quasar777/courier-service/internal/config/appcfg/app.go:25.16,27.3 1 0
github.com/Quasar777/courier-service/internal/config/appcfg/app.go:28.2,37.3 1 0
github.com/Quasar777/courier-service/internal/config/dbcfg/db.go:16.38,24.2 1 0
github.com/Quasar777/courier-service/internal/db/postgre/postgre.go:14.86,16.25 2 0
github.com/Quasar777/courier-service/internal/db/postgre/postgre.go:16.25,18.17 2 0
github.com/Quasar777/courier-service/internal/db/postgre/postgre.go:18.17,20.4 1 0
github.com/Quasar777/courier-service/internal/db/postgre/postgre.go:21.3,22.30 2 0
github.com/Quasar777/courier-service/internal/db/postgre/postgre.go:24.2,24.12 1 0
github.com/Quasar777/courier-service/internal/db/postgre/postgre.go:28.102,39.16 3 0
github.com/Quasar777/courier-service/internal/db/postgre/postgre.go:39.16,42.3 2 0
github.com/Quasar777/courier-service/internal/db/postgre/postgre.go:44.2,49.16 5 0
github.com/Quasar777/courier-service/internal/db/postgre/postgre.go:49.16,52.3 2 0
github.com/Quasar777/courier-service/internal/db/postgre/postgre.go:53.2,53.54 1 0
github.com/Quasar777/courier-service/internal/db/postgre/postgre.go:53.54,56.3 2 0
github.com/Quasar777/courier-service/internal/db/postgre/postgre.go:57.2,57.18 1 0
github.com/Quasar777/courier-service/internal/db/postgre/txmanager.go:23.83,28.2 1 0
github.com/Quasar777/courier-service/internal/db/postgre/txmanager.go:31.96,33.16 2 0
github.com/Quasar777/courier-service/internal/db/postgre/txmanager.go:33.16,35.3 1 0
github.com/Quasar777/courier-service/internal/db/postgre/txmanager.go:36.2,36.15 1 0
github.com/Quasar777/courier-service/internal/db/postgre/txmanager.go:36.15,37.47 1 0
github.com/Quasar777/courier-service/internal/db/postgre/txmanager.go:37.47,39.4 1 0
github.com/Quasar777/courier-service/internal/db/postgre/txmanager.go:42.2,45.16 3 0
github.com/Quasar777/courier-service/internal/db/postgre/txmanager.go:45.16,47.19 2 0
github.com/Quasar777/courier-service/internal/db/postgre/txmanager.go:47.19,49.4 1 0
github.com/Quasar777/courier-service/internal/db/postgre/txmanager.go:50.3,50.62 1 0
github.com/Quasar777/courier-service/internal/db/postgre/txmanager.go:53.2,54.45 2 0
github.com/Quasar777/courier-service/internal/db/postgre/txmanager.go:54.45,56.3 1 0
github.com/Quasar777/courier-service/internal/db/postgre/txmanager.go:57.2,57.12 1 0
github.com/Quasar777/courier-service/internal/db/postgre/txmanager.go:60.73,62.2 1 0
github.com/Quasar777/courier-service/internal/db/postgre/txmanager.go:64.77,66.2 1 0
github.com/Quasar777/courier-service/internal/db/postgre/txmanager.go:68.75,70.2 1 0
github.com/Quasar777/courier-service/internal/db/postgre/txmanager.go:73.72,75.9 2 0
github.com/Quasar777/courier-service/internal/db/postgre/txmanager.go:75.9,77.3 1 0
github.com/Quasar777/courier-service/internal/db/postgre/txmanager.go:78.2,78.16 1 0
github.com/Quasar777/courier-service/internal/handler/orderbus/convert.go:5.53,7.2 1 0
github.com/Quasar777/courier-service/internal/handler/orderbus/handler.go:22.100,28.2 1 0
github.com/Quasar777/courier-service/internal/handler/orderbus/handler.go:31.68,31.82 1 0
github.com/Quasar777/courier-service/internal/handler/orderbus/handler.go:34.70,34.84 1 0
github.com/Quasar777/courier-service/internal/handler/orderbus/handler.go:37.113,39.39 2 0
github.com/Quasar777/courier-service/internal/handler/orderbus/handler.go:39.39,41.60 2 0
github.com/Quasar777/courier-service/internal/handler/orderbus/handler.go:41.60,47.12 3 0
github.com/Quasar777/courier-service/internal/handler/orderbus/handler.go:49.3,58.17 3 0
github.com/Quasar777/courier-service/internal/handler/orderbus/handler.go:58.17,64.12 3 0
github.com/Quasar777/courier-service/internal/handler/orderbus/handler.go:66.3,67.17 2 0
github.com/Quasar777/courier-service/internal/handler/orderbus/handler.go:67.17,73.12 3 0
github.com/Quasar777/courier-service/internal/handler/orderbus/handler.go:75.3,75.67 1 0
github.com/Quasar777/courier-service/internal/handler/orderbus/handler.go:75.67,81.12 3 0
github.com/Quasar777/courier-service/internal/handler/orderbus/handler.go:83.3,83.31 1 0
github.com/Quasar777/courier-service/internal/handler/orderbus/handler.go:85.2,85.12 1 0
github.com/Quasar777/courier-service/internal/handler/orderbus/handler.go:89.102,91.16 2 0
github.com/Quasar777/courier-service/internal/handler/orderbus/handler.go:91.16,93.3 1 0
github.com/Quasar777/courier-service/internal/handler/orderbus/handler.go:94.2,94.26 1 0
github.com/Quasar777/courier-service/internal/middleware/mdhttp/limiter.go:12.107,13.46 1 0
github.com/Quasar777/courier-service/internal/middleware/mdhttp/limiter.go:13.46,15.49 1 0
github.com/Quasar777/courier-service/internal/middleware/mdhttp/limiter.go:15.49,16.25 1 0
github.com/Quasar777/courier-service/internal/middleware/mdhttp/limiter.go:16.25,23.20 6 0
github.com/Quasar777/courier-service/internal/middleware/mdhttp/limiter.go:23.20,25.7 1 0
github.com/Quasar777/courier-service/internal/middleware/mdhttp/limiter.go:26.6,26.12 1 0
github.com/Quasar777/courier-service/internal/middleware/mdhttp/limiter.go:28.5,28.25 1 0
github.com/Quasar777/courier-service/internal/middleware/mdhttp/logger.go:11.77,12.46 1 0
github.com/Quasar777/courier-service/internal/middleware/mdhttp/logger.go:12.46,14.49 1 0
github.com/Quasar777/courier-service/internal/middleware/mdhttp/logger.go:14.49,31.49 7 0
github.com/Quasar777/courier-service/internal/middleware/mdhttp/logger.go:31.49,39.6 1 0
github.com/Quasar777/courier-service/internal/middleware/mdhttp/metrics.go:12.87,13.46 1 0
github.com/Quasar777/courier-service/internal/middleware/mdhttp/metrics.go:13.46,15.49 1 0
github.com/Quasar777/courier-service/internal/middleware/mdhttp/metrics.go:15.49,28.63 8 0
github.com/Quasar777/courier-service/internal/middleware/mdhttp/metrics.go:28.63,30.6 1 0
github.com/Quasar777/courier-service/internal/middleware/mdhttp/shared.go:13.55,16.2 2 0
github.com/Quasar777/courier-service/internal/handler/healthhttp/health.go:14.57,16.2 1 0
github.com/Quasar777/courier-service/internal/handler/healthhttp/health.go:19.71,22.16 3 0
github.com/Quasar777/courier-service/internal/handler/healthhttp/health.go:22.16,24.3 1 0
github.com/Quasar777/courier-service/internal/handler/healthhttp/health.go:28.78,30.2 1 0
github.com/Quasar777/courier-service/internal/middleware/mdrpc/logger.go:13.74,15.82 1 0
github.com/Quasar777/courier-service/internal/middleware/mdrpc/logger.go:15.82,22.17 4 0
github.com/Quasar777/courier-service/internal/middleware/mdrpc/logger.go:22.17,23.44 1 0
github.com/Quasar777/courier-service/internal/middleware/mdrpc/logger.go:23.44,30.5 1 0
github.com/Quasar777/courier-service/internal/middleware/mdrpc/logger.go:30.10,38.5 1 0
github.com/Quasar777/courier-service/internal/middleware/mdrpc/logger.go:39.9,45.4 1 0
github.com/Quasar777/courier-service/internal/middleware/mdrpc/logger.go:46.3,46.13 1 0
github.com/Quasar777/courier-service/internal/middleware/mdrpc/metrics.go:11.118,13.82 1 0
github.com/Quasar777/courier-service/internal/middleware/mdrpc/metrics.go:13.82,14.19 1 0
github.com/Quasar777/courier-service/internal/middleware/mdrpc/metrics.go:14.19,16.4 1 0
github.com/Quasar777/courier-service/internal/middleware/mdrpc/metrics.go:17.3,17.55 1 0
github.com/Quasar777/courier-service/internal/middleware/mdrpc/retry.go:11.73,13.82 1 0
github.com/Quasar777/courier-service/internal/middleware/mdrpc/retry.go:13.82,14.72 1 0
github.com/Quasar777/courier-service/internal/middleware/mdrpc/retry.go:14.72,16.4 1 0
github.com/Quasar777/courier-service/internal/proto/orderpb/order.pb.go:40.24,45.2 4 0
github.com/Quasar777/courier-service/internal/proto/orderpb/order.pb.go:47.32,49.2 1 0
github.com/Quasar777/courier-service/internal/proto/orderpb/order.pb.go:51.30,51.31 0 0
github.com/Quasar777/courier-service/internal/proto/orderpb/order.pb.go:53.52,55.14 2 0
github.com/Quasar777/courier-service/internal/proto/orderpb/order.pb.go:55.14,57.34 2 0
github.com/Quasar777/courier-service/internal/proto/orderpb/order.pb.go:57.34,59.4 1 0
github.com/Quasar777/courier-service/internal/proto/orderpb/order.pb.go:60.3,60.12 1 0
github.com/Quasar777/courier-service/internal/proto/orderpb/order.pb.go:62.2,62.24 1 0
github.com/Quasar777/courier-service/internal/proto/orderpb/order.pb.go:66.43,68.2 1 0
github.com/Quasar777/courier-service/internal/proto/orderpb/order.pb.go:70.33,71.14 1 0
github.com/Quasar777/courier-service/internal/proto/orderpb/order.pb.go:71.14,73.3 1 0
github.com/Quasar777/courier-service/internal/proto/orderpb/order.pb.go:74.2,74.11 1 0
github.com/Quasar777/courier-service/internal/proto/orderpb/order.pb.go:77.33,78.14 1 0
github.com/Quasar777/courier-service/internal/proto/orderpb/order.pb.go:78.14,80.3 1 0
github.com/Quasar777/courier-service/internal/proto/orderpb/order.pb.go:81.2,81.10 1 0
github.com/Quasar777/courier-service/internal/proto/orderpb/order.pb.go:84.36,85.14 1 0
github.com/Quasar777/courier-service/internal/proto/orderpb/order.pb.go:85.14,87.3 1 0
github.com/Quasar777/courier-service/internal/proto/orderpb/order.pb.go:88.2,88.10 1 0
github.com/Quasar777/courier-service/internal/proto/orderpb/order.pb.go:103.35,108.2 4 0
github.com/Quasar777/courier-service/internal/proto/orderpb/order.pb.go:110.43,112.2 1 0
github.com/Quasar777/courier-service/internal/proto/orderpb/order.pb.go:114.41,114.42 0 0
github.com/Quasar777/courier-service/internal/proto/orderpb/order.pb.go:116.63,118.14 2 0
github.com/Quasar777/courier-service/internal/proto/orderpb/order.pb.go:118.14,120.34 2 0
github.com/Quasar777/courier-service/internal/proto/orderpb/order.pb.go:120.34,122.4 1 0
github.com/Quasar777/courier-service/internal/proto/orderpb/order.pb.go:123.3,123.12 1 0
github.com/Quasar777/courier-service/internal/proto/orderpb/order.pb.go:125.2,125.24 1 0
github.com/Quasar777/courier-service/internal/proto/orderpb/order.pb.go:129.54,131.2 1 0
github.com/Quasar777/courier-service/internal/proto/orderpb/order.pb.go:133.46,134.14 1 0
github.com/Quasar777/courier-service/internal/proto/orderpb/order.pb.go:134.14,136.3 1 0
github.com/Quasar777/courier-service/internal/proto/orderpb/order.pb.go:137.2,137.11 1 0
github.com/Quasar777/courier-service/internal/proto/orderpb/order.pb.go:140.45,141.14 1 0
github.com/Quasar777/courier-service/internal/proto/orderpb/order.pb.go:141.14,143.3 1 0
github.com/Quasar777/courier-service/internal/proto/orderpb/order.pb.go:144.2,144.11 1 0
github.com/Quasar777/courier-service/internal/proto/orderpb/order.pb.go:147.49,148.14 1 0
github.com/Quasar777/courier-service/internal/proto/orderpb/order.pb.go:148.14,150.3 1 0
github.com/Quasar777/courier-service/internal/proto/orderpb/order.pb.go:151.2,151.11 1 0
github.com/Quasar777/courier-service/internal/proto/orderpb/order.pb.go:154.45,155.14 1 0
github.com/Quasar777/courier-service/internal/proto/orderpb/order.pb.go:155.14,157.3 1 0
github.com/Quasar777/courier-service/internal/proto/orderpb/order.pb.go:158.2,158.11 1 0
github.com/Quasar777/courier-service/internal/proto/orderpb/order.pb.go:161.47,162.14 1 0
github.com/Quasar777/courier-service/internal/proto/orderpb/order.pb.go:162.14,164.3 1 0
github.com/Quasar777/courier-service/internal/proto/orderpb/order.pb.go:165.2,165.11 1 0
github.com/Quasar777/courier-service/internal/proto/orderpb/order.pb.go:187.25,192.2 4 0
github.com/Quasar777/courier-service/internal/proto/orderpb/order.pb.go:194.33,196.2 1 0
github.com/Quasar777/courier-service/internal/proto/orderpb/order.pb.go:198.31,198.32 0 0
github.com/Quasar777/courier-service/internal/proto/orderpb/order.pb.go:200.53,202.14 2 0
github.com/Quasar777/courier-service/internal/proto/orderpb/order.pb.go:202.14,204.34 2 0
github.com/Quasar777/courier-service/internal/proto/orderpb/order.pb.go:204.34,206.4 1 0
github.com/Quasar777/courier-service/internal/proto/orderpb/order.pb.go:207.3,207.12 1 0
github.com/Quasar777/courier-service/internal/proto/orderpb/order.pb.go:209.2,209.24 1 0
github.com/Quasar777/courier-service/internal/proto/orderpb/order.pb.go:213.44,215.2 1 0
github.com/Quasar777/courier-service/internal/proto/orderpb/order.pb.go:217.32,218.14 1 0
github.com/Quasar777/courier-service/internal/proto/orderpb/order.pb.go:218.14,220.3 1 0
github.com/Quasar777/courier-service/internal/proto/orderpb/order.pb.go:221.2,221.11 1 0
github.com/Quasar777/courier-service/internal/proto/orderpb/order.pb.go:224.36,225.14 1 0
github.com/Quasar777/courier-service/internal/proto/orderpb/order.pb.go:225.14,227.3 1 0
github.com/Quasar777/courier-service/internal/proto/orderpb/order.pb.go:228.2,228.11 1 0
github.com/Quasar777/courier-service/internal/proto/orderpb/order.pb.go:231.41,232.14 1 0
github.com/Quasar777/courier-service/internal/proto/orderpb/order.pb.go:232.14,234.3 1 0
github.com/Quasar777/courier-service/internal/proto/orderpb/order.pb.go:235.2,235.11 1 0
github.com/Quasar777/courier-service/internal/proto/orderpb/order.pb.go:238.33,239.14 1 0
github.com/Quasar777/courier-service/internal/proto/orderpb/order.pb.go:239.14,241.3 1 0
github.com/Quasar777/courier-service/internal/proto/orderpb/order.pb.go:242.2,242.11 1 0
github.com/Quasar777/courier-service/internal/proto/orderpb/order.pb.go:245.42,246.14 1 0
github.com/Quasar777/courier-service/internal/proto/orderpb/order.pb.go:246.14,248.3 1 0
github.com/Quasar777/courier-service/internal/proto/orderpb/order.pb.go:249.2,249.11 1 0
github.com/Quasar777/courier-service/internal/proto/orderpb/order.pb.go:252.36,253.14 1 0
github.com/Quasar777/courier-service/internal/proto/orderpb/order.pb.go:253.14,255.3 1 0
github.com/Quasar777/courier-service/internal/proto/orderpb/order.pb.go:256.2,256.12 1 0
github.com/Quasar777/courier-service/internal/proto/orderpb/order.pb.go:259.39,260.14 1 0
github.com/Quasar777/courier-service/internal/proto/orderpb/order.pb.go:260.14,262.3 1 0
github.com/Quasar777/courier-service/internal/proto/orderpb/order.pb.go:263.2,263.10 1 0
github.com/Quasar777/courier-service/internal/proto/orderpb/order.pb.go:266.47,267.14 1 0
github.com/Quasar777/courier-service/internal/proto/orderpb/order.pb.go:267.14,269.3 1 0
github.com/Quasar777/courier-service/internal/proto/orderpb/order.pb.go:270.2,270.12 1 0
github.com/Quasar777/courier-service/internal/proto/orderpb/order.pb.go:273.36,274.14 1 0
github.com/Quasar777/courier-service/internal/proto/orderpb/order.pb.go:274.14,276.3 1 0
github.com/Quasar777/courier-service/internal/proto/orderpb/order.pb.go:277.2,277.11 1 0
github.com/Quasar777/courier-service/internal/proto/orderpb/order.pb.go:280.55,281.14 1 0
github.com/Quasar777/courier-service/internal/proto/orderpb/order.pb.go:281.14,283.3 1 0
github.com/Quasar777/courier-service/internal/proto/orderpb/order.pb.go:284.2,284.12 1 0
github.com/Quasar777/courier-service/internal/proto/orderpb/order.pb.go:287.55,288.14 1 0
github.com/Quasar777/courier-service/internal/proto/orderpb/order.pb.go:288.14,290.3 1 0
github.com/Quasar777/courier-service/internal/proto/orderpb/order.pb.go:291.2,291.12 1 0
github.com/Quasar777/courier-service/internal/proto/orderpb/order.pb.go:294.63,295.14 1 0
github.com/Quasar777/courier-service/internal/proto/orderpb/order.pb.go:295.14,297.3 1 0
github.com/Quasar777/courier-service/internal/proto/orderpb/order.pb.go:298.2,298.12 1 0
github.com/Quasar777/courier-service/internal/proto/orderpb/order.pb.go:309.36,314.2 4 0
github.com/Quasar777/courier-service/internal/proto/orderpb/order.pb.go:316.44,318.2 1 0
github.com/Quasar777/courier-service/internal/proto/orderpb/order.pb.go:320.42,320.43 0 0
github.com/Quasar777/courier-service/internal/proto/orderpb/order.pb.go:322.64,324.14 2 0
github.com/Quasar777/courier-service/internal/proto/orderpb/order.pb.go:324.14,326.34 2 0
github.com/Quasar777/courier-service/internal/proto/orderpb/order.pb.go:326.34,328.4 1 0
github.com/Quasar777/courier-service/internal/proto/orderpb/order.pb.go:329.3,329.12 1 0
github.com/Quasar777/courier-service/internal/proto/orderpb/order.pb.go:331.2,331.24 1 0
github.com/Quasar777/courier-service/internal/proto/orderpb/order.pb.go:335.55,337.2 1 0
github.com/Quasar777/courier-service/internal/proto/orderpb/order.pb.go:339.61,340.14 1 0
github.com/Quasar777/courier-service/internal/proto/orderpb/order.pb.go:340.14,342.3 1 0
github.com/Quasar777/courier-service/internal/proto/orderpb/order.pb.go:343.2,343.12 1 0
github.com/Quasar777/courier-service/internal/proto/orderpb/order.pb.go:354.39,359.2 4 0
github.com/Quasar777/courier-service/internal/proto/orderpb/order.pb.go:361.47,363.2 1 0
github.com/Quasar777/courier-service/internal/proto/orderpb/order.pb.go:365.45,365.46 0 0
github.com/Quasar777/courier-service/internal/proto/orderpb/order.pb.go:367.67,369.14 2 0
github.com/Quasar777/courier-service/internal/proto/orderpb/order.pb.go:369.14,371.34 2 0
github.com/Quasar777/courier-service/internal/proto/orderpb/order.pb.go:371.34,373.4 1 0
github.com/Quasar777/courier-service/internal/proto/orderpb/order.pb.go:374.3,374.12 1 0
github.com/Quasar777/courier-service/internal/proto/orderpb/order.pb.go:376.2,376.24 1 0
github.com/Quasar777/courier-service/internal/proto/orderpb/order.pb.go:380.58,382.2 1 0
github.com/Quasar777/courier-service/internal/proto/orderpb/order.pb.go:384.46,385.14 1 0
github.com/Quasar777/courier-service/internal/proto/orderpb/order.pb.go:385.14,387.3 1 0
github.com/Quasar777/courier-service/internal/proto/orderpb/order.pb.go:388.2,388.11 1 0
github.com/Quasar777/courier-service/internal/proto/orderpb/order.pb.go:399.37,404.2 4 0
github.com/Quasar777/courier-service/internal/proto/orderpb/order.pb.go:406.45,408.2 1 0
github.com/Quasar777/courier-service/internal/proto/orderpb/order.pb.go:410.43,410.44 0 0
github.com/Quasar777/courier-service/internal/proto/orderpb/order.pb.go:412.65,414.14 2 0
github.com/Quasar777/courier-service/internal/proto/orderpb/order.pb.go:414.14,416.34 2 0
github.com/Quasar777/courier-service/internal/proto/orderpb/order.pb.go:416.34,418.4 1 0
github.com/Quasar777/courier-service/internal/proto/orderpb/order.pb.go:419.3,419.12 1 0
github.com/Quasar777/courier-service/internal/proto/orderpb/order.pb.go:421.2,421.24 1 0
github.com/Quasar777/courier-service/internal/proto/orderpb/order.pb.go:425.56,427.2 1 0
github.com/Quasar777/courier-service/internal/proto/orderpb/order.pb.go:429.50,430.14 1 0
github.com/Quasar777/courier-service/internal/proto/orderpb/order.pb.go:430.14,432.3 1 0
github.com/Quasar777/courier-service/internal/proto/orderpb/order.pb.go:433.2,433.12 1 0
github.com/Quasar777/courier-service/internal/proto/orderpb/order.pb.go:444.40,449.2 4 0
github.com/Quasar777/courier-service/internal/proto/orderpb/order.pb.go:451.48,453.2 1 0
github.com/Quasar777/courier-service/internal/proto/orderpb/order.pb.go:455.46,455.47 0 0
github.com/Quasar777/courier-service/internal/proto/orderpb/order.pb.go:457.68,459.14 2 0
github.com/Quasar777/courier-service/internal/proto/orderpb/order.pb.go:459.14,461.34 2 0
github.com/Quasar777/courier-service/internal/proto/orderpb/order.pb.go:461.34,463.4 1 0
github.com/Quasar777/courier-service/internal/proto/orderpb/order.pb.go:464.3,464.12 1 0
github.com/Quasar777/courier-service/internal/proto/orderpb/order.pb.go:466.2,466.24 1 0
github.com/Quasar777/courier-service/internal/proto/orderpb/order.pb.go:470.59,472.2 1 0
github.com/Quasar777/courier-service/internal/proto/orderpb/order.pb.go:474.50,475.14 1 0
github.com/Quasar777/courier-service/internal/proto/orderpb/order.pb.go:475.14,477.3 1 0
github.com/Quasar777/courier-service/internal/proto/orderpb/order.pb.go:478.2,478.12 1 0
github.com/Quasar777/courier-service/internal/proto/orderpb/order.pb.go:530.67,531.64 1 0
github.com/Quasar777/courier-service/internal/proto/orderpb/order.pb.go:531.64,533.3 1 0
github.com/Quasar777/courier-service/internal/proto/orderpb/order.pb.go:534.2,534.60 1 0
github.com/Quasar777/courier-service/internal/proto/orderpb/order.pb.go:568.13,568.63 1 0
github.com/Quasar777/courier-service/internal/proto/orderpb/order.pb.go:569.53,570.52 1 0
github.com/Quasar777/courier-service/internal/proto/orderpb/order.pb.go:570.52,572.3 1 0
github.com/Quasar777/courier-service/internal/proto/orderpb/order.pb.go:573.2,589.55 5 0
github.com/Quasar777/courier-service/internal/proto/orderpb/order_grpc.pb.go:44.78,46.2 1 0
github.com/Quasar777/courier-service/internal/proto/orderpb/order_grpc.pb.go:48.137,52.16 4 0
github.com/Quasar777/courier-service/internal/proto/orderpb/order_grpc.pb.go:52.16,54.3 1 0
github.com/Quasar777/courier-service/internal/proto/orderpb/order_grpc.pb.go:55.2,55.17 1 0
github.com/Quasar777/courier-service/internal/proto/orderpb/order_grpc.pb.go:58.146,62.16 4 0
github.com/Quasar777/courier-service/internal/proto/orderpb/order_grpc.pb.go:62.16,64.3 1 0
github.com/Quasar777/courier-service/internal/proto/orderpb/order_grpc.pb.go:65.2,65.17 1 0
github.com/Quasar777/courier-service/internal/proto/orderpb/order_grpc.pb.go:86.115,88.2 1 0
github.com/Quasar777/courier-service/internal/proto/orderpb/order_grpc.pb.go:89.124,91.2 1 0
github.com/Quasar777/courier-service/internal/proto/orderpb/order_grpc.pb.go:92.86,92.87 0 0
github.com/Quasar777/courier-service/internal/proto/orderpb/order_grpc.pb.go:93.86,93.87 0 0
github.com/Quasar777/courier-service/internal/proto/orderpb/order_grpc.pb.go:102.84,107.59 1 0
github.com/Quasar777/courier-service/internal/proto/orderpb/order_grpc.pb.go:107.59,109.3 1 0
github.com/Quasar777/courier-service/internal/proto/orderpb/order_grpc.pb.go:110.2,110.52 1 0
github.com/Quasar777/courier-service/internal/proto/orderpb/order_grpc.pb.go:113.168,115.32 2 0
github.com/Quasar777/courier-service/internal/proto/orderpb/order_grpc.pb.go:115.32,117.3 1 0
github.com/Quasar777/courier-service/internal/proto/orderpb/order_grpc.pb.go:118.2,118.24 1 0
github.com/Quasar777/courier-service/internal/proto/orderpb/order_grpc.pb.go:118.24,120.3 1 0
github.com/Quasar777/courier-service/internal/proto/orderpb/order_grpc.pb.go:121.2,125.77 2 0
github.com/Quasar777/courier-service/internal/proto/orderpb/order_grpc.pb.go:125.77,127.3 1 0
github.com/Quasar777/courier-service/internal/proto/orderpb/order_grpc.pb.go:128.2,128.44 1 0
github.com/Quasar777/courier-service/internal/proto/orderpb/order_grpc.pb.go:131.171,133.32 2 0
github.com/Quasar777/courier-service/internal/proto/orderpb/order_grpc.pb.go:133.32,135.3 1 0
github.com/Quasar777/courier-service/internal/proto/orderpb/order_grpc.pb.go:136.2,136.24 1 0
github.com/Quasar777/courier-service/internal/proto/orderpb/order_grpc.pb.go:136.24,138.3 1 0
github.com/Quasar777/courier-service/internal/proto/orderpb/order_grpc.pb.go:139.2,143.77 2 0
github.com/Quasar777/courier-service/internal/proto/orderpb/order_grpc.pb.go:143.77,145.3 1 0
github.com/Quasar777/courier-service/internal/proto/orderpb/order_grpc.pb.go:146.2,146.44 1 0
github.com/Quasar777/courier-service/internal/router/route.go:28.14,41.2 9 0
github.com/Quasar777/courier-service/internal/repository/courierdb/convert.go:5.71,12.2 1 0
github.com/Quasar777/courier-service/internal/repository/courierdb/convert.go:14.71,22.2 1 0
github.com/Quasar777/courier-service/internal/repository/courierdb/convert.go:24.63,34.2 1 0
github.com/Quasar777/courier-service/internal/repository/courierdb/courier.go:23.100,29.2 1 0
github.com/Quasar777/courier-service/internal/repository/courierdb/courier.go:32.102,37.34 4 0
github.com/Quasar777/courier-service/internal/repository/courierdb/courier.go:37.34,40.3 2 0
github.com/Quasar777/courier-service/internal/repository/courierdb/courier.go:41.2,41.27 1 0
github.com/Quasar777/courier-service/internal/repository/courierdb/courier.go:41.27,44.3 2 0
github.com/Quasar777/courier-service/internal/repository/courierdb/courier.go:45.2,52.16 3 0
github.com/Quasar777/courier-service/internal/repository/courierdb/courier.go:52.16,54.3 1 0
github.com/Quasar777/courier-service/internal/repository/courierdb/courier.go:55.2,55.71 1 0
github.com/Quasar777/courier-service/internal/repository/courierdb/courier.go:55.71,57.3 1 0
github.com/Quasar777/courier-service/internal/repository/courierdb/courier.go:58.2,58.16 1 0
github.com/Quasar777/courier-service/internal/repository/courierdb/courier.go:62.102,77.72 5 0
github.com/Quasar777/courier-service/internal/repository/courierdb/courier.go:77.72,79.3 1 0
github.com/Quasar777/courier-service/internal/repository/courierdb/courier.go:80.2,80.16 1 0
github.com/Quasar777/courier-service/internal/repository/courierdb/courier.go:84.95,97.16 5 0
github.com/Quasar777/courier-service/internal/repository/courierdb/courier.go:97.16,99.3 1 0
github.com/Quasar777/courier-service/internal/repository/courierdb/courier.go:100.2,100.42 1 0
github.com/Quasar777/courier-service/internal/repository/courierdb/courier.go:104.87,112.16 4 0
github.com/Quasar777/courier-service/internal/repository/courierdb/courier.go:112.16,114.3 1 0
github.com/Quasar777/courier-service/internal/repository/courierdb/courier.go:115.2,116.18 2 0
github.com/Quasar777/courier-service/internal/repository/courierdb/courier.go:116.18,126.17 2 0
github.com/Quasar777/courier-service/internal/repository/courierdb/courier.go:126.17,128.4 1 0
github.com/Quasar777/courier-service/internal/repository/courierdb/courier.go:129.3,129.61 1 0
github.com/Quasar777/courier-service/internal/repository/courierdb/courier.go:131.2,131.35 1 0
github.com/Quasar777/courier-service/internal/repository/courierdb/courier.go:131.35,133.3 1 0
github.com/Quasar777/courier-service/internal/repository/courierdb/courier.go:134.2,134.22 1 0
github.com/Quasar777/courier-service/internal/repository/courierdb/courier.go:138.90,142.16 3 0
github.com/Quasar777/courier-service/internal/repository/courierdb/courier.go:142.16,144.3 1 0
github.com/Quasar777/courier-service/internal/repository/courierdb/courier.go:145.2,170.16 3 0
github.com/Quasar777/courier-service/internal/repository/courierdb/courier.go:170.16,172.3 1 0
github.com/Quasar777/courier-service/internal/repository/courierdb/courier.go:173.2,173.42 1 0
github.com/Quasar777/courier-service/internal/repository/courierdb/courier.go:177.84,181.16 3 0
github.com/Quasar777/courier-service/internal/repository/courierdb/courier.go:181.16,183.3 1 0
github.com/Quasar777/courier-service/internal/repository/courierdb/courier.go:184.2,191.71 3 0
github.com/Quasar777/courier-service/internal/repository/courierdb/courier.go:191.71,193.3 1 0
github.com/Quasar777/courier-service/internal/repository/courierdb/courier.go:194.2,194.20 1 0
github.com/Quasar777/courier-service/internal/repository/courierdb/courier.go:198.89,202.16 3 0
github.com/Quasar777/courier-service/internal/repository/courierdb/courier.go:202.16,204.3 1 0
github.com/Quasar777/courier-service/internal/repository/courierdb/courier.go:205.2,212.71 3 0
github.com/Quasar777/courier-service/internal/repository/courierdb/courier.go:212.71,214.3 1 0
github.com/Quasar777/courier-service/internal/repository/courierdb/courier.go:215.2,215.20 1 0
github.com/Quasar777/courier-service/internal/repository/courierdb/courier.go:219.74,229.52 2 0
github.com/Quasar777/courier-service/internal/repository/courierdb/courier.go:229.52,231.3 1 0
github.com/Quasar777/courier-service/internal/repository/courierdb/courier.go:232.2,232.12 1 0
github.com/Quasar777/courier-service/internal/repository/courierdb/mapper.go:14.32,16.28 2 0
github.com/Quasar777/courier-service/internal/repository/courierdb/mapper.go:16.28,17.28 1 0
github.com/Quasar777/courier-service/internal/repository/courierdb/mapper.go:17.28,19.4 1 0
github.com/Quasar777/courier-service/internal/repository/courierdb/mapper.go:21.2,21.35 1 0
github.com/Quasar777/courier-service/internal/repository/courierdb/mapper.go:21.35,23.3 1 0
github.com/Quasar777/courier-service/internal/repository/courierdb/mapper.go:24.2,24.65 1 0
github.com/Quasar777/courier-service/internal/repository/deliverydb/convert.go:5.71,11.2 1 0
github.com/Quasar777/courier-service/internal/repository/deliverydb/convert.go:13.66,21.2 1 0
github.com/Quasar777/courier-service/internal/repository/deliverydb/delivery.go:19.102,24.2 1 0
github.com/Quasar777/courier-service/internal/repository/deliverydb/delivery.go:27.115,32.16 4 0
github.com/Quasar777/courier-service/internal/repository/deliverydb/delivery.go:32.16,34.3 1 0
github.com/Quasar777/courier-service/internal/repository/deliverydb/delivery.go:35.2,45.16 4 0
github.com/Quasar777/courier-service/internal/repository/deliverydb/delivery.go:45.16,47.3 1 0
github.com/Quasar777/courier-service/internal/repository/deliverydb/delivery.go:48.2,48.42 1 0
github.com/Quasar777/courier-service/internal/repository/deliverydb/delivery.go:52.110,56.16 3 0
github.com/Quasar777/courier-service/internal/repository/deliverydb/delivery.go:56.16,58.3 1 0
github.com/Quasar777/courier-service/internal/repository/deliverydb/delivery.go:59.2,68.16 4 0
github.com/Quasar777/courier-service/internal/repository/deliverydb/delivery.go:68.16,70.3 1 0
github.com/Quasar777/courier-service/internal/repository/deliverydb/delivery.go:71.2,71.42 1 0
github.com/Quasar777/courier-service/internal/repository/deliverydb/delivery.go:75.107,79.16 3 0
github.com/Quasar777/courier-service/internal/repository/deliverydb/delivery.go:79.16,81.3 1 0
github.com/Quasar777/courier-service/internal/repository/deliverydb/delivery.go:82.2,92.16 4 0
github.com/Quasar777/courier-service/internal/repository/deliverydb/delivery.go:92.16,94.3 1 0
github.com/Quasar777/courier-service/internal/repository/deliverydb/delivery.go:95.2,95.42 1 0
github.com/Quasar777/courier-service/internal/repository/deliverydb/mapper.go:14.32,16.28 2 0
github.com/Quasar777/courier-service/internal/repository/deliverydb/mapper.go:16.28,17.28 1 0
github.com/Quasar777/courier-service/internal/repository/deliverydb/mapper.go:17.28,19.4 1 0
github.com/Quasar777/courier-service/internal/repository/deliverydb/mapper.go:20.3,20.28 1 0
github.com/Quasar777/courier-service/internal/repository/deliverydb/mapper.go:20.28,22.4 1 0
github.com/Quasar777/courier-service/internal/repository/deliverydb/mapper.go:24.2,24.35 1 0
github.com/Quasar777/courier-service/internal/repository/deliverydb/mapper.go:24.35,26.3 1 0
github.com/Quasar777/courier-service/internal/repository/deliverydb/mapper.go:27.2,27.66 1 0
github.com/Quasar777/courier-service/internal/router/courierroute/courier.go:10.69,15.2 4 0
github.com/Quasar777/courier-service/internal/router/healthroute/health.go:10.66,13.2 2 0
github.com/Quasar777/courier-service/internal/router/deliveryroute/delivery.go:10.72,13.2 2 0
github.com/Quasar777/courier-service/internal/router/metricsroute/metrics.go:10.56,12.2 1 0
github.com/Quasar777/courier-service/internal/router/pprofroute/pprof.go:9.29,10.45 1 0
github.com/Quasar777/courier-service/internal/router/pprofroute/pprof.go:10.45,19.3 8 0
github.com/Quasar777/courier-service/internal/server/pprof.go:14.77,22.32 2 0
github.com/Quasar777/courier-service/internal/server/pprof.go:22.32,24.3 1 0
github.com/Quasar777/courier-service/internal/server/pprof.go:26.2,28.12 2 0
github.com/Quasar777/courier-service/internal/server/pprof.go:28.12,29.46 1 0
github.com/Quasar777/courier-service/internal/server/pprof.go:29.46,32.4 2 0
github.com/Quasar777/courier-service/internal/server/pprof.go:35.2,35.9 1 0
github.com/Quasar777/courier-service/internal/server/pprof.go:36.26,37.79 1 0
github.com/Quasar777/courier-service/internal/server/pprof.go:38.20,38.20 0 0
github.com/Quasar777/courier-service/internal/server/pprof.go:41.2,44.50 3 0
github.com/Quasar777/courier-service/internal/server/pprof.go:44.50,47.3 2 0
github.com/Quasar777/courier-service/internal/server/pprof.go:48.2,48.51 1 0
github.com/Quasar777/courier-service/internal/server/server.go:15.91,25.32 2 0
github.com/Quasar777/courier-service/internal/server/server.go:25.32,27.3 1 0
github.com/Quasar777/courier-service/internal/server/server.go:29.2,31.12 2 0
github.com/Quasar777/courier-service/internal/server/server.go:31.12,32.46 1 0
github.com/Quasar777/courier-service/internal/server/server.go:32.46,35.4 2 0
github.com/Quasar777/courier-service/internal/server/server.go:38.2,38.9 1 0
github.com/Quasar777/courier-service/internal/server/server.go:39.26,40.73 1 0
github.com/Quasar777/courier-service/internal/server/server.go:41.20,41.20 0 0
github.com/Quasar777/courier-service/internal/server/server.go:44.2,47.50 3 0
github.com/Quasar777/courier-service/internal/server/server.go:47.50,50.3 2 0
github.com/Quasar777/courier-service/internal/server/server.go:51.2,51.45 1 0
github.com/Quasar777/courier-service/internal/worker/deliveryworker/monitor.go:22.108,28.2 1 0
github.com/Quasar777/courier-service/internal/worker/deliveryworker/monitor.go:31.55,35.6 3 0
github.com/Quasar777/courier-service/internal/worker/deliveryworker/monitor.go:35.6,36.10 1 0
github.com/Quasar777/courier-service/internal/worker/deliveryworker/monitor.go:37.19,39.35 2 0
github.com/Quasar777/courier-service/internal/worker/deliveryworker/monitor.go:40.21,42.10 2 0
github.com/Quasar777/courier-service/internal/worker/deliveryworker/monitor.go:47.57,48.54 1 0
github.com/Quasar777/courier-service/internal/worker/deliveryworker/monitor.go:48.54,50.3 1 0
github.com/Quasar777/courier-service/internal/worker/deliveryworker/monitor.go:53.35,55.2 1 0
github.com/Quasar777/courier-service/internal/worker/orderworker/poller.go:31.95,39.2 1 0
github.com/Quasar777/courier-service/internal/worker/orderworker/poller.go:42.51,46.6 3 0
github.com/Quasar777/courier-service/internal/worker/orderworker/poller.go:46.6,47.10 1 0
github.com/Quasar777/courier-service/internal/worker/orderworker/poller.go:48.19,50.31 2 0
github.com/Quasar777/courier-service/internal/worker/orderworker/poller.go:51.21,53.10 2 0
github.com/Quasar777/courier-service/internal/worker/orderworker/poller.go:59.57,61.16 2 0
github.com/Quasar777/courier-service/internal/worker/orderworker/poller.go:61.16,64.3 2 0
github.com/Quasar777/courier-service/internal/worker/orderworker/poller.go:65.2,65.57 1 0
github.com/Quasar777/courier-service/internal/worker/orderworker/poller.go:65.57,68.3 2 0
github.com/Quasar777/courier-service/internal/worker/orderworker/poller.go:72.75,74.16 2 0
github.com/Quasar777/courier-service/internal/worker/orderworker/poller.go:74.16,76.3 1 0
github.com/Quasar777/courier-service/internal/worker/orderworker/poller.go:77.2,77.17 1 0
github.com/Quasar777/courier-service/internal/worker/orderworker/poller.go:81.89,82.27 1 0
github.com/Quasar777/courier-service/internal/worker/orderworker/poller.go:82.27,85.17 3 0
github.com/Quasar777/courier-service/internal/worker/orderworker/poller.go:85.17,89.4 3 0
github.com/Quasar777/courier-service/internal/worker/orderworker/poller.go:90.3,90.95 1 0
github.com/Quasar777/courier-service/internal/worker/orderworker/poller.go:92.2,94.12 3 0
github.com/Quasar777/courier-service/internal/worker/orderworker/poller.go:97.31,99.2 1 0
github.com/Quasar777/courier-service/observability/logger/contract.go:17.44,19.2 1 0
github.com/Quasar777/courier-service/observability/logger/zaplog.go:14.43,24.16 8 0
github.com/Quasar777/courier-service/observability/logger/zaplog.go:24.16,26.3 1 0
github.com/Quasar777/courier-service/observability/logger/zaplog.go:27.2,27.44 1 0
github.com/Quasar777/courier-service/observability/logger/zaplog.go:30.57,32.2 1 0
github.com/Quasar777/courier-service/observability/logger/zaplog.go:34.56,36.2 1 0
github.com/Quasar777/courier-service/observability/logger/zaplog.go:38.56,40.2 1 0
github.com/Quasar777/courier-service/observability/logger/zaplog.go:42.57,44.2 1 0
github.com/Quasar777/courier-service/observability/logger/zaplog.go:46.35,48.2 1 0
github.com/Quasar777/courier-service/observability/logger/zaplog.go:50.48,52.31 2 0
github.com/Quasar777/courier-service/observability/logger/zaplog.go:52.31,54.3 1 0
github.com/Quasar777/courier-service/observability/logger/zaplog.go:55.2,55.18 1 0
github.com/Quasar777/courier-service/observability/metrics/metricshttp/metrics.go:16.36,32.2 1 0
github.com/Quasar777/courier-service/observability/metrics/metricsrpc/metrics.go:12.34,19.2 1 0
github.com/Quasar777/courier-service/internal/handler/deliveryhttp/convert.go:8.62,10.2 1 4
github.com/Quasar777/courier-service/internal/handler/deliveryhttp/convert.go:12.75,19.2 1 1
github.com/Quasar777/courier-service/internal/handler/deliveryhttp/convert.go:21.81,27.2 1 1
github.com/Quasar777/courier-service/internal/handler/deliveryhttp/delivery.go:20.86,24.2 1 10
github.com/Quasar777/courier-service/internal/handler/deliveryhttp/delivery.go:27.75,31.66 3 5
github.com/Quasar777/courier-service/internal/handler/deliveryhttp/delivery.go:31.66,34.3 2 1
github.com/Quasar777/courier-service/internal/handler/deliveryhttp/delivery.go:35.2,35.53 1 4
github.com/Quasar777/courier-service/internal/handler/deliveryhttp/delivery.go:35.53,38.3 2 2
github.com/Quasar777/courier-service/internal/handler/deliveryhttp/delivery.go:39.2,40.16 2 2
github.com/Quasar777/courier-service/internal/handler/deliveryhttp/delivery.go:40.16,43.3 2 1
github.com/Quasar777/courier-service/internal/handler/deliveryhttp/delivery.go:44.2,44.70 1 1
github.com/Quasar777/courier-service/internal/handler/deliveryhttp/delivery.go:48.77,52.65 3 5
github.com/Quasar777/courier-service/internal/handler/deliveryhttp/delivery.go:52.65,55.3 2 1
github.com/Quasar777/courier-service/internal/handler/deliveryhttp/delivery.go:56.2,56.52 1 4
github.com/Quasar777/courier-service/internal/handler/deliveryhttp/delivery.go:56.52,59.3 2 2
github.com/Quasar777/courier-service/internal/handler/deliveryhttp/delivery.go:60.2,61.16 2 2
github.com/Quasar777/courier-service/internal/handler/deliveryhttp/delivery.go:61.16,64.3 2 1
github.com/Quasar777/courier-service/internal/handler/deliveryhttp/delivery.go:65.2,65.72 1 1
github.com/Quasar777/courier-service/internal/handler/deliveryhttp/delivery.go:69.80,70.27 1 8
github.com/Quasar777/courier-service/internal/handler/deliveryhttp/delivery.go:70.27,72.3 1 2
github.com/Quasar777/courier-service/internal/handler/deliveryhttp/delivery.go:73.2,73.55 1 6
github.com/Quasar777/courier-service/internal/handler/deliveryhttp/delivery.go:73.55,75.3 1 2
github.com/Quasar777/courier-service/internal/handler/deliveryhttp/delivery.go:76.2,76.12 1 4
github.com/Quasar777/courier-service/internal/handler/deliveryhttp/mapper.go:11.40,12.13 1 8
github.com/Quasar777/courier-service/internal/handler/deliveryhttp/mapper.go:13.33,14.42 1 0
github.com/Quasar777/courier-service/internal/handler/deliveryhttp/mapper.go:15.36,16.42 1 0
github.com/Quasar777/courier-service/internal/handler/deliveryhttp/mapper.go:17.47,18.42 1 0
github.com/Quasar777/courier-service/internal/handler/deliveryhttp/mapper.go:19.48,20.42 1 0
github.com/Quasar777/courier-service/internal/handler/deliveryhttp/mapper.go:21.42,22.44 1 2
github.com/Quasar777/courier-service/internal/handler/deliveryhttp/mapper.go:23.37,24.44 1 2
github.com/Quasar777/courier-service/internal/handler/deliveryhttp/mapper.go:25.39,26.44 1 2
github.com/Quasar777/courier-service/internal/handler/deliveryhttp/mapper.go:27.39,28.42 1 0
github.com/Quasar777/courier-service/internal/handler/deliveryhttp/mapper.go:29.10,30.78 1 2
github.com/Quasar777/courier-service/internal/handler/deliveryhttp/mapper.go:35.95,38.16 2 10
github.com/Quasar777/courier-service/internal/handler/deliveryhttp/mapper.go:38.16,43.17 4 8
github.com/Quasar777/courier-service/internal/handler/deliveryhttp/mapper.go:43.17,45.4 1 0
github.com/Quasar777/courier-service/internal/handler/deliveryhttp/mapper.go:46.3,46.9 1 8
github.com/Quasar777/courier-service/internal/handler/deliveryhttp/mapper.go:48.2,48.17 1 2
github.com/Quasar777/courier-service/internal/handler/deliveryhttp/mapper.go:48.17,51.3 2 0
github.com/Quasar777/courier-service/internal/handler/deliveryhttp/mapper.go:52.2,55.16 3 2
github.com/Quasar777/courier-service/internal/handler/deliveryhttp/mapper.go:55.16,57.3 1 0
github.com/Quasar777/courier-service/internal/handler/courierhttp/convert.go:5.71,12.2 1 2
github.com/Quasar777/courier-service/internal/handler/courierhttp/convert.go:14.71,22.2 1 3
github.com/Quasar777/courier-service/internal/handler/courierhttp/convert.go:24.57,32.2 1 1
github.com/Quasar777/courier-service/internal/handler/courierhttp/convert.go:34.65,36.29 2 0
github.com/Quasar777/courier-service/internal/handler/courierhttp/convert.go:36.29,38.3 1 0
github.com/Quasar777/courier-service/internal/handler/courierhttp/convert.go:39.2,39.18 1 0
github.com/Quasar777/courier-service/internal/handler/courierhttp/courier.go:22.83,27.2 1 19
github.com/Quasar777/courier-service/internal/handler/courierhttp/courier.go:30.74,33.65 3 6
github.com/Quasar777/courier-service/internal/handler/courierhttp/courier.go:33.65,36.3 2 1
github.com/Quasar777/courier-service/internal/handler/courierhttp/courier.go:37.2,37.52 1 5
github.com/Quasar777/courier-service/internal/handler/courierhttp/courier.go:37.52,40.3 2 3
github.com/Quasar777/courier-service/internal/handler/courierhttp/courier.go:41.2,42.56 2 2
github.com/Quasar777/courier-service/internal/handler/courierhttp/courier.go:46.74,50.65 3 7
github.com/Quasar777/courier-service/internal/handler/courierhttp/courier.go:50.65,53.3 2 1
github.com/Quasar777/courier-service/internal/handler/courierhttp/courier.go:54.2,54.52 1 6
github.com/Quasar777/courier-service/internal/handler/courierhttp/courier.go:54.52,57.3 2 3
github.com/Quasar777/courier-service/internal/handler/courierhttp/courier.go:58.2,59.51 2 3
github.com/Quasar777/courier-service/internal/handler/courierhttp/courier.go:63.75,67.26 4 5
github.com/Quasar777/courier-service/internal/handler/courierhttp/courier.go:67.26,70.3 2 2
github.com/Quasar777/courier-service/internal/handler/courierhttp/courier.go:71.2,72.16 2 3
github.com/Quasar777/courier-service/internal/handler/courierhttp/courier.go:72.16,75.3 2 2
github.com/Quasar777/courier-service/internal/handler/courierhttp/courier.go:76.2,76.65 1 1
github.com/Quasar777/courier-service/internal/handler/courierhttp/courier.go:80.76,83.16 3 1
github.com/Quasar777/courier-service/internal/handler/courierhttp/courier.go:83.16,86.3 2 1
github.com/Quasar777/courier-service/internal/handler/courierhttp/courier.go:87.2,87.70 1 0
github.com/Quasar777/courier-service/internal/handler/courierhttp/courier.go:91.79,92.47 1 5
github.com/Quasar777/courier-service/internal/handler/courierhttp/courier.go:92.47,94.3 1 2
github.com/Quasar777/courier-service/internal/handler/courierhttp/courier.go:95.2,95.70 1 3
github.com/Quasar777/courier-service/internal/handler/courierhttp/courier.go:95.70,97.3 1 1
github.com/Quasar777/courier-service/internal/handler/courierhttp/courier.go:98.2,98.12 1 2
github.com/Quasar777/courier-service/internal/handler/courierhttp/courier.go:102.79,103.20 1 6
github.com/Quasar777/courier-service/internal/handler/courierhttp/courier.go:103.20,105.3 1 2
github.com/Quasar777/courier-service/internal/handler/courierhttp/courier.go:106.2,106.95 1 4
github.com/Quasar777/courier-service/internal/handler/courierhttp/courier.go:106.95,108.3 1 1
github.com/Quasar777/courier-service/internal/handler/courierhttp/courier.go:109.2,109.12 1 3
github.com/Quasar777/courier-service/internal/handler/courierhttp/mapper.go:11.40,12.13 1 18
github.com/Quasar777/courier-service/internal/handler/courierhttp/mapper.go:13.37,14.44 1 2
github.com/Quasar777/courier-service/internal/handler/courierhttp/mapper.go:15.36,16.42 1 2
github.com/Quasar777/courier-service/internal/handler/courierhttp/mapper.go:17.35,18.44 1 2
github.com/Quasar777/courier-service/internal/handler/courierhttp/mapper.go:19.38,20.44 1 2
github.com/Quasar777/courier-service/internal/handler/courierhttp/mapper.go:21.34,22.42 1 2
github.com/Quasar777/courier-service/internal/handler/courierhttp/mapper.go:23.35,24.44 1 4
github.com/Quasar777/courier-service/internal/handler/courierhttp/mapper.go:25.10,26.76 1 4
github.com/Quasar777/courier-service/internal/handler/courierhttp/mapper.go:31.95,34.16 2 19
github.com/Quasar777/courier-service/internal/handler/courierhttp/mapper.go:34.16,37.47 3 18
github.com/Quasar777/courier-service/internal/handler/courierhttp/mapper.go:37.47,39.4 1 4
github.com/Quasar777/courier-service/internal/handler/courierhttp/mapper.go:40.3,40.41 1 18
github.com/Quasar777/courier-service/internal/handler/courierhttp/mapper.go:42.2,44.17 2 19
github.com/Quasar777/courier-service/internal/handler/courierhttp/mapper.go:44.17,46.3 1 0
github.com/Quasar777/courier-service/internal/handler/courierhttp/mapper.go:47.2,47.56 1 19
github.com/Quasar777/courier-service/internal/handler/courierhttp/mapper.go:47.56,49.3 1 0
github.com/Quasar777/courier-service/internal/resilience/limiter/limiter.go:17.79,24.27 2 2
github.com/Quasar777/courier-service/internal/resilience/limiter/limiter.go:24.27,26.3 1 1
github.com/Quasar777/courier-service/internal/resilience/limiter/limiter.go:27.2,27.16 1 2
github.com/Quasar777/courier-service/internal/resilience/limiter/limiter.go:30.71,34.6 3 0
github.com/Quasar777/courier-service/internal/resilience/limiter/limiter.go:34.6,35.10 1 0
github.com/Quasar777/courier-service/internal/resilience/limiter/limiter.go:36.19,37.11 1 0
github.com/Quasar777/courier-service/internal/resilience/limiter/limiter.go:38.33,41.19 3 0
github.com/Quasar777/courier-service/internal/resilience/limiter/limiter.go:42.12,42.12 0 0
github.com/Quasar777/courier-service/internal/resilience/limiter/limiter.go:44.21,45.10 1 0
github.com/Quasar777/courier-service/internal/resilience/limiter/limiter.go:50.44,51.9 1 2
github.com/Quasar777/courier-service/internal/resilience/limiter/limiter.go:52.19,53.14 1 1
github.com/Quasar777/courier-service/internal/resilience/limiter/limiter.go:54.10,55.15 1 1
github.com/Quasar777/courier-service/internal/resilience/limiter/limiter.go:59.61,65.2 4 0
github.com/Quasar777/courier-service/internal/resilience/limiter/limiter.go:67.46,69.2 1 0
github.com/Quasar777/courier-service/internal/service/courierapp/courier.go:15.64,19.2 1 12
github.com/Quasar777/courier-service/internal/service/courierapp/courier.go:22.99,25.16 2 3
github.com/Quasar777/courier-service/internal/service/courierapp/courier.go:25.16,27.3 1 2
github.com/Quasar777/courier-service/internal/service/courierapp/courier.go:28.2,28.16 1 1
github.com/Quasar777/courier-service/internal/service/courierapp/courier.go:32.99,35.16 2 4
github.com/Quasar777/courier-service/internal/service/courierapp/courier.go:35.16,37.3 1 3
github.com/Quasar777/courier-service/internal/service/courierapp/courier.go:38.2,38.16 1 1
github.com/Quasar777/courier-service/internal/service/courierapp/courier.go:42.92,45.16 2 3
github.com/Quasar777/courier-service/internal/service/courierapp/courier.go:45.16,47.3 1 2
github.com/Quasar777/courier-service/internal/service/courierapp/courier.go:48.2,48.18 1 1
github.com/Quasar777/courier-service/internal/service/courierapp/courier.go:52.84,55.16 2 2
github.com/Quasar777/courier-service/internal/service/courierapp/courier.go:55.16,57.3 1 1
github.com/Quasar777/courier-service/internal/service/courierapp/courier.go:58.2,58.19 1 1
github.com/Quasar777/courier-service/internal/service/courierapp/mapper.go:11.32,12.9 1 8
github.com/Quasar777/courier-service/internal/service/courierapp/mapper.go:13.52,14.38 1 2
github.com/Quasar777/courier-service/internal/service/courierapp/mapper.go:15.50,16.36 1 2
github.com/Quasar777/courier-service/internal/service/courierapp/mapper.go:17.10,18.69 1 4
github.com/Quasar777/courier-service/internal/service/deliveryapp/delivery.go:26.58,33.2 1 14
github.com/Quasar777/courier-service/internal/service/deliveryapp/delivery.go:36.111,39.62 2 6
github.com/Quasar777/courier-service/internal/service/deliveryapp/delivery.go:39.62,43.3 3 6
github.com/Quasar777/courier-service/internal/service/deliveryapp/delivery.go:44.2,44.16 1 6
github.com/Quasar777/courier-service/internal/service/deliveryapp/delivery.go:44.16,46.3 1 5
github.com/Quasar777/courier-service/internal/service/deliveryapp/delivery.go:47.2,47.23 1 1
github.com/Quasar777/courier-service/internal/service/deliveryapp/delivery.go:51.113,56.16 4 6
github.com/Quasar777/courier-service/internal/service/deliveryapp/delivery.go:56.16,58.3 1 1
github.com/Quasar777/courier-service/internal/service/deliveryapp/delivery.go:59.2,60.16 2 5
github.com/Quasar777/courier-service/internal/service/deliveryapp/delivery.go:60.16,62.3 1 0
github.com/Quasar777/courier-service/internal/service/deliveryapp/delivery.go:63.2,68.16 5 5
github.com/Quasar777/courier-service/internal/service/deliveryapp/delivery.go:68.16,70.3 1 2
github.com/Quasar777/courier-service/internal/service/deliveryapp/delivery.go:71.2,71.70 1 3
github.com/Quasar777/courier-service/internal/service/deliveryapp/delivery.go:71.70,73.3 1 2
github.com/Quasar777/courier-service/internal/service/deliveryapp/delivery.go:74.2,79.24 5 1
github.com/Quasar777/courier-service/internal/service/deliveryapp/delivery.go:83.115,86.62 2 5
github.com/Quasar777/courier-service/internal/service/deliveryapp/delivery.go:86.62,90.3 3 5
github.com/Quasar777/courier-service/internal/service/deliveryapp/delivery.go:91.2,91.16 1 5
github.com/Quasar777/courier-service/internal/service/deliveryapp/delivery.go:91.16,93.3 1 4
github.com/Quasar777/courier-service/internal/service/deliveryapp/delivery.go:94.2,94.25 1 1
github.com/Quasar777/courier-service/internal/service/deliveryapp/delivery.go:98.117,102.16 3 5
github.com/Quasar777/courier-service/internal/service/deliveryapp/delivery.go:102.16,104.3 1 2
github.com/Quasar777/courier-service/internal/service/deliveryapp/delivery.go:105.2,106.16 2 3
github.com/Quasar777/courier-service/internal/service/deliveryapp/delivery.go:106.16,108.3 1 2
github.com/Quasar777/courier-service/internal/service/deliveryapp/delivery.go:109.2,113.26 4 1
github.com/Quasar777/courier-service/internal/service/deliveryapp/delivery.go:117.115,120.62 2 5
github.com/Quasar777/courier-service/internal/service/deliveryapp/delivery.go:120.62,124.3 3 5
github.com/Quasar777/courier-service/internal/service/deliveryapp/delivery.go:125.2,125.16 1 5
github.com/Quasar777/courier-service/internal/service/deliveryapp/delivery.go:125.16,127.3 1 4
github.com/Quasar777/courier-service/internal/service/deliveryapp/delivery.go:128.2,128.25 1 1
github.com/Quasar777/courier-service/internal/service/deliveryapp/delivery.go:132.117,136.16 3 5
github.com/Quasar777/courier-service/internal/service/deliveryapp/delivery.go:136.16,138.3 1 3
github.com/Quasar777/courier-service/internal/service/deliveryapp/delivery.go:139.2,140.16 2 2
github.com/Quasar777/courier-service/internal/service/deliveryapp/delivery.go:140.16,142.3 1 1
github.com/Quasar777/courier-service/internal/service/deliveryapp/delivery.go:143.2,147.26 4 1
github.com/Quasar777/courier-service/internal/service/deliveryapp/delivery.go:151.69,152.61 1 2
github.com/Quasar777/courier-service/internal/service/deliveryapp/delivery.go:152.61,154.3 1 1
github.com/Quasar777/courier-service/internal/service/deliveryapp/delivery.go:155.2,155.12 1 1
github.com/Quasar777/courier-service/internal/service/deliveryapp/factoryevent.go:20.77,22.2 1 1
github.com/Quasar777/courier-service/internal/service/deliveryapp/factoryevent.go:24.95,25.9 1 4
github.com/Quasar777/courier-service/internal/service/deliveryapp/factoryevent.go:26.78,27.40 1 1
github.com/Quasar777/courier-service/internal/service/deliveryapp/factoryevent.go:28.52,29.42 1 1
github.com/Quasar777/courier-service/internal/service/deliveryapp/factoryevent.go:30.56,31.42 1 1
github.com/Quasar777/courier-service/internal/service/deliveryapp/factoryevent.go:32.10,33.87 1 1
github.com/Quasar777/courier-service/internal/service/deliveryapp/factoryevent.go:41.84,42.51 1 0
github.com/Quasar777/courier-service/internal/service/deliveryapp/factoryevent.go:42.51,44.3 1 0
github.com/Quasar777/courier-service/internal/service/deliveryapp/factoryevent.go:45.2,45.12 1 0
github.com/Quasar777/courier-service/internal/service/deliveryapp/factoryevent.go:52.86,53.53 1 0
github.com/Quasar777/courier-service/internal/service/deliveryapp/factoryevent.go:53.53,55.3 1 0
github.com/Quasar777/courier-service/internal/service/deliveryapp/factoryevent.go:56.2,56.12 1 0
github.com/Quasar777/courier-service/internal/service/deliveryapp/factoryevent.go:63.87,64.54 1 0
github.com/Quasar777/courier-service/internal/service/deliveryapp/factoryevent.go:64.54,66.3 1 0
github.com/Quasar777/courier-service/internal/service/deliveryapp/factoryevent.go:67.2,67.12 1 0
github.com/Quasar777/courier-service/internal/service/deliveryapp/factorytime.go:16.55,18.2 1 1
github.com/Quasar777/courier-service/internal/service/deliveryapp/factorytime.go:21.100,22.23 1 4
github.com/Quasar777/courier-service/internal/service/deliveryapp/factorytime.go:23.17,24.33 1 1
github.com/Quasar777/courier-service/internal/service/deliveryapp/factorytime.go:25.17,26.36 1 1
github.com/Quasar777/courier-service/internal/service/deliveryapp/factorytime.go:27.13,28.32 1 1
github.com/Quasar777/courier-service/internal/service/deliveryapp/factorytime.go:29.10,30.84 1 1
github.com/Quasar777/courier-service/internal/service/deliveryapp/factorytime.go:36.49,38.2 1 0
github.com/Quasar777/courier-service/internal/service/deliveryapp/factorytime.go:42.52,44.2 1 0
github.com/Quasar777/courier-service/internal/service/deliveryapp/factorytime.go:48.48,50.2 1 0
github.com/Quasar777/courier-service/internal/service/deliveryapp/mapper.go:12.32,13.9 1 14
github.com/Quasar777/courier-service/internal/service/deliveryapp/mapper.go:14.49,15.35 1 1
github.com/Quasar777/courier-service/internal/service/deliveryapp/mapper.go:16.50,17.41 1 3
github.com/Quasar777/courier-service/internal/service/deliveryapp/mapper.go:18.64,19.50 1 0
github.com/Quasar777/courier-service/internal/service/deliveryapp/mapper.go:20.51,21.49 1 1
github.com/Quasar777/courier-service/internal/service/deliveryapp/mapper.go:22.52,23.38 1 2
github.com/Quasar777/courier-service/internal/service/deliveryapp/mapper.go:24.10,25.70 1 7
github.com/Quasar777/courier-service/internal/resilience/retry/backoff.go:23.84,30.2 1 1
github.com/Quasar777/courier-service/internal/resilience/retry/backoff.go:32.78,34.33 2 8
github.com/Quasar777/courier-service/internal/resilience/retry/backoff.go:34.33,36.3 1 0
github.com/Quasar777/courier-service/internal/resilience/retry/backoff.go:37.2,39.15 3 8
github.com/Quasar777/courier-service/internal/resilience/retry/backoff.go:39.15,41.3 1 0
github.com/Quasar777/courier-service/internal/resilience/retry/backoff.go:42.2,42.29 1 8
github.com/Quasar777/courier-service/internal/resilience/retry/parameters.go:5.43,6.32 1 1
github.com/Quasar777/courier-service/internal/resilience/retry/parameters.go:6.32,7.20 1 1
github.com/Quasar777/courier-service/internal/resilience/retry/parameters.go:7.20,9.4 1 0
github.com/Quasar777/courier-service/internal/resilience/retry/parameters.go:10.3,10.27 1 1
github.com/Quasar777/courier-service/internal/resilience/retry/parameters.go:14.45,15.32 1 0
github.com/Quasar777/courier-service/internal/resilience/retry/parameters.go:15.32,16.22 1 0
github.com/Quasar777/courier-service/internal/resilience/retry/parameters.go:16.22,20.4 1 0
github.com/Quasar777/courier-service/internal/resilience/retry/parameters.go:21.3,21.24 1 0
github.com/Quasar777/courier-service/internal/resilience/retry/parameters.go:25.50,26.32 1 0
github.com/Quasar777/courier-service/internal/resilience/retry/parameters.go:26.32,27.16 1 0
github.com/Quasar777/courier-service/internal/resilience/retry/parameters.go:27.16,28.30 1 0
github.com/Quasar777/courier-service/internal/resilience/retry/parameters.go:28.30,28.51 1 0
github.com/Quasar777/courier-service/internal/resilience/retry/parameters.go:30.3,30.21 1 0
github.com/Quasar777/courier-service/internal/resilience/retry/predicates.go:8.34,10.8 2 0
github.com/Quasar777/courier-service/internal/resilience/retry/predicates.go:10.8,11.20 1 0
github.com/Quasar777/courier-service/internal/resilience/retry/predicates.go:12.26,13.15 1 0
github.com/Quasar777/courier-service/internal/resilience/retry/predicates.go:14.31,15.15 1 0
github.com/Quasar777/courier-service/internal/resilience/retry/predicates.go:16.32,17.15 1 0
github.com/Quasar777/courier-service/internal/resilience/retry/predicates.go:20.2,20.14 1 0
github.com/Quasar777/courier-service/internal/resilience/retry/retry.go:17.54,19.27 2 1
github.com/Quasar777/courier-service/internal/resilience/retry/retry.go:19.27,21.3 1 1
github.com/Quasar777/courier-service/internal/resilience/retry/retry.go:22.2,22.36 1 1
github.com/Quasar777/courier-service/internal/resilience/retry/retry.go:22.36,24.3 1 0
github.com/Quasar777/courier-service/internal/resilience/retry/retry.go:25.2,25.35 1 1
github.com/Quasar777/courier-service/internal/resilience/retry/retry.go:25.35,29.3 1 1
github.com/Quasar777/courier-service/internal/resilience/retry/retry.go:30.2,30.38 1 1
github.com/Quasar777/courier-service/internal/resilience/retry/retry.go:30.38,31.52 1 1
github.com/Quasar777/courier-service/internal/resilience/retry/retry.go:31.52,31.73 1 8
github.com/Quasar777/courier-service/internal/resilience/retry/retry.go:33.2,33.22 1 1
github.com/Quasar777/courier-service/internal/resilience/retry/retry.go:36.103,39.55 2 2
github.com/Quasar777/courier-service/internal/resilience/retry/retry.go:39.55,44.17 4 9
github.com/Quasar777/courier-service/internal/resilience/retry/retry.go:44.17,46.4 1 1
github.com/Quasar777/courier-service/internal/resilience/retry/retry.go:47.3,47.26 1 8
github.com/Quasar777/courier-service/internal/resilience/retry/retry.go:47.26,49.4 1 0
github.com/Quasar777/courier-service/internal/resilience/retry/retry.go:50.3,51.10 2 8
github.com/Quasar777/courier-service/internal/resilience/retry/retry.go:52.28,52.28 0 8
github.com/Quasar777/courier-service/internal/resilience/retry/retry.go:53.21,54.20 1 0
github.com/Quasar777/courier-service/internal/resilience/retry/retry.go:56.3,56.16 1 8
github.com/Quasar777/courier-service/internal/resilience/retry/retry.go:58.2,58.67 1 1
github.com/Quasar777/courier-service/internal/resilience/retry/retry.go:61.70,62.53 1 0
github.com/Quasar777/courier-service/internal/resilience/retry/retry.go:62.53,64.3 1 0
github.com/Quasar777/courier-service/internal/resilience/retry/retry.go:65.2,65.14 1 0
